Command line invocation:
    /Applications/Xcode.app/Contents/Developer/usr/bin/xcodebuild test -scheme OpenPaste -destination platform=macOS "-only-testing:OpenPasteTests"

Resolve Package Graph


Resolved source packages:
  GRDB: https://github.com/groue/GRDB.swift.git @ 7.10.0

2026-04-01 18:39:20.412 xcodebuild[12441:72510] [MT] IDERunDestination: Supported platforms for the buildables in the current scheme is empty.
--- xcodebuild: WARNING: Using the first of multiple matching destinations:
{ platform:macOS, arch:arm64, id:00008132-001219AE3479001C, name:My Mac }
{ platform:macOS, arch:x86_64, id:00008132-001219AE3479001C, name:My Mac }
ComputePackagePrebuildTargetDependencyGraph

Prepare packages

CreateBuildRequest

SendProjectDescription

CreateBuildOperation

ComputeTargetDependencyGraph
note: Building targets in dependency order
note: Target dependency graph (7 targets)
    Target 'OpenPasteTests' in project 'OpenPaste'
        ➜ Explicit dependency on target 'OpenPaste' in project 'OpenPaste'
    Target 'OpenPasteUITests' in project 'OpenPaste'
        ➜ Explicit dependency on target 'OpenPaste' in project 'OpenPaste'
    Target 'OpenPaste' in project 'OpenPaste'
        ➜ Explicit dependency on target 'GRDB' in project 'GRDB'
    Target 'GRDB' in project 'GRDB'
        ➜ Explicit dependency on target 'GRDB' in project 'GRDB'
        ➜ Explicit dependency on target 'GRDB_GRDB' in project 'GRDB'
    Target 'GRDB' in project 'GRDB'
        ➜ Explicit dependency on target 'GRDB_GRDB' in project 'GRDB'
        ➜ Explicit dependency on target 'GRDBSQLite' in project 'GRDB'
    Target 'GRDBSQLite' in project 'GRDB' (no dependencies)
    Target 'GRDB_GRDB' in project 'GRDB' (no dependencies)

GatherProvisioningInputs

CreateBuildDescription

ExecuteExternalTool /Applications/Xcode.app/Contents/Developer/Toolchains/XcodeDefault.xctoolchain/usr/bin/swiftc --version

ExecuteExternalTool /Applications/Xcode.app/Contents/Developer/Toolchains/XcodeDefault.xctoolchain/usr/bin/clang -v -E -dM -isysroot /Applications/Xcode.app/Contents/Developer/Platforms/MacOSX.platform/Developer/SDKs/MacOSX26.4.sdk -x c -c /dev/null

ExecuteExternalTool /Applications/Xcode.app/Contents/Developer/usr/bin/actool --version --output-format xml1

ExecuteExternalTool /Applications/Xcode.app/Contents/Developer/Toolchains/XcodeDefault.xctoolchain/usr/bin/ld -version_details

ReadFileContents /Applications/Xcode.app/Contents/Developer/Toolchains/XcodeDefault.xctoolchain/usr/share/docc/features.json

Build description signature: f45bb2ff950119edeb790573e38f2114
Build description path: /Users/justin/Library/Developer/Xcode/DerivedData/OpenPaste-fhbclgeefeexspdpswrqwmkywghh/Build/Intermediates.noindex/XCBuildData/f45bb2ff950119edeb790573e38f2114.xcbuilddata
ClangStatCache /Applications/Xcode.app/Contents/Developer/Toolchains/XcodeDefault.xctoolchain/usr/bin/clang-stat-cache /Applications/Xcode.app/Contents/Developer/Platforms/MacOSX.platform/Developer/SDKs/MacOSX26.4.sdk /Users/justin/Library/Developer/Xcode/DerivedData/SDKStatCaches.noindex/macosx26.4-25E236-30f9ca8789b706f8bd3fc906a70d770f.sdkstatcache
    cd /Volumes/DATA/Developments/OpenPaste/OpenPaste/OpenPaste.xcodeproj
    /Applications/Xcode.app/Contents/Developer/Toolchains/XcodeDefault.xctoolchain/usr/bin/clang-stat-cache /Applications/Xcode.app/Contents/Developer/Platforms/MacOSX.platform/Developer/SDKs/MacOSX26.4.sdk -o /Users/justin/Library/Developer/Xcode/DerivedData/SDKStatCaches.noindex/macosx26.4-25E236-30f9ca8789b706f8bd3fc906a70d770f.sdkstatcache

WriteAuxiliaryFile /Users/justin/Library/Developer/Xcode/DerivedData/OpenPaste-fhbclgeefeexspdpswrqwmkywghh/Build/Intermediates.noindex/OpenPaste.build/Debug/OpenPaste.build/Objects-normal/arm64/OpenPaste.SwiftFileList (in target 'OpenPaste' from project 'OpenPaste')
    cd /Volumes/DATA/Developments/OpenPaste/OpenPaste
    write-file /Users/justin/Library/Developer/Xcode/DerivedData/OpenPaste-fhbclgeefeexspdpswrqwmkywghh/Build/Intermediates.noindex/OpenPaste.build/Debug/OpenPaste.build/Objects-normal/arm64/OpenPaste.SwiftFileList

WriteAuxiliaryFile /Users/justin/Library/Developer/Xcode/DerivedData/OpenPaste-fhbclgeefeexspdpswrqwmkywghh/Build/Intermediates.noindex/OpenPaste.build/Debug/OpenPaste.build/Objects-normal/arm64/OpenPaste.LinkFileList (in target 'OpenPaste' from project 'OpenPaste')
    cd /Volumes/DATA/Developments/OpenPaste/OpenPaste
    write-file /Users/justin/Library/Developer/Xcode/DerivedData/OpenPaste-fhbclgeefeexspdpswrqwmkywghh/Build/Intermediates.noindex/OpenPaste.build/Debug/OpenPaste.build/Objects-normal/arm64/OpenPaste.LinkFileList

WriteAuxiliaryFile /Users/justin/Library/Developer/Xcode/DerivedData/OpenPaste-fhbclgeefeexspdpswrqwmkywghh/Build/Intermediates.noindex/OpenPaste.build/Debug/OpenPaste.build/Objects-normal/arm64/OpenPaste.SwiftConstValuesFileList (in target 'OpenPaste' from project 'OpenPaste')
    cd /Volumes/DATA/Developments/OpenPaste/OpenPaste
    write-file /Users/justin/Library/Developer/Xcode/DerivedData/OpenPaste-fhbclgeefeexspdpswrqwmkywghh/Build/Intermediates.noindex/OpenPaste.build/Debug/OpenPaste.build/Objects-normal/arm64/OpenPaste.SwiftConstValuesFileList

ProcessInfoPlistFile /Users/justin/Library/Developer/Xcode/DerivedData/OpenPaste-fhbclgeefeexspdpswrqwmkywghh/Build/Products/Debug/GRDB_GRDB.bundle/Contents/Info.plist /Users/justin/Library/Developer/Xcode/DerivedData/OpenPaste-fhbclgeefeexspdpswrqwmkywghh/Build/Intermediates.noindex/GRDB.build/Debug/GRDB_GRDB.build/empty-GRDB_GRDB.plist (in target 'GRDB_GRDB' from project 'GRDB')
    cd /Users/justin/Library/Developer/Xcode/DerivedData/OpenPaste-fhbclgeefeexspdpswrqwmkywghh/SourcePackages/checkouts/GRDB.swift
    builtin-infoPlistUtility /Users/justin/Library/Developer/Xcode/DerivedData/OpenPaste-fhbclgeefeexspdpswrqwmkywghh/Build/Intermediates.noindex/GRDB.build/Debug/GRDB_GRDB.build/empty-GRDB_GRDB.plist -producttype com.apple.product-type.bundle -expandbuildsettings -platform macosx -o /Users/justin/Library/Developer/Xcode/DerivedData/OpenPaste-fhbclgeefeexspdpswrqwmkywghh/Build/Products/Debug/GRDB_GRDB.bundle/Contents/Info.plist

WriteAuxiliaryFile /Users/justin/Library/Developer/Xcode/DerivedData/OpenPaste-fhbclgeefeexspdpswrqwmkywghh/Build/Intermediates.noindex/OpenPaste.build/Debug/OpenPaste.build/Objects-normal/arm64/OpenPaste-OutputFileMap.json (in target 'OpenPaste' from project 'OpenPaste')
    cd /Volumes/DATA/Developments/OpenPaste/OpenPaste
    write-file /Users/justin/Library/Developer/Xcode/DerivedData/OpenPaste-fhbclgeefeexspdpswrqwmkywghh/Build/Intermediates.noindex/OpenPaste.build/Debug/OpenPaste.build/Objects-normal/arm64/OpenPaste-OutputFileMap.json

SwiftDriver OpenPaste normal arm64 com.apple.xcode.tools.swift.compiler (in target 'OpenPaste' from project 'OpenPaste')
    cd /Volumes/DATA/Developments/OpenPaste/OpenPaste
    builtin-SwiftDriver -- /Applications/Xcode.app/Contents/Developer/Toolchains/XcodeDefault.xctoolchain/usr/bin/swiftc -module-name OpenPaste -Onone @/Users/justin/Library/Developer/Xcode/DerivedData/OpenPaste-fhbclgeefeexspdpswrqwmkywghh/Build/Intermediates.noindex/OpenPaste.build/Debug/OpenPaste.build/Objects-normal/arm64/OpenPaste.SwiftFileList -DDEBUG -Xcc -fmodule-map-file\=/Users/justin/Library/Developer/Xcode/DerivedData/OpenPaste-fhbclgeefeexspdpswrqwmkywghh/SourcePackages/checkouts/GRDB.swift/Sources/GRDBSQLite/module.modulemap -default-isolation\=MainActor -enable-bare-slash-regex -enable-upcoming-feature DisableOutwardActorInference -enable-upcoming-feature InferSendableFromCaptures -enable-upcoming-feature GlobalActorIsolatedTypesUsability -enable-upcoming-feature MemberImportVisibility -enable-upcoming-feature InferIsolatedConformances -enable-upcoming-feature NonisolatedNonsendingByDefault -enable-experimental-feature DebugDescriptionMacro -sdk /Applications/Xcode.app/Contents/Developer/Platforms/MacOSX.platform/Developer/SDKs/MacOSX26.4.sdk -target arm64-apple-macos26.3 -g -module-cache-path /Users/justin/Library/Developer/Xcode/DerivedData/ModuleCache.noindex -Xfrontend -serialize-debugging-options -profile-coverage-mapping -profile-generate -enable-testing -index-store-path /Users/justin/Library/Developer/Xcode/DerivedData/OpenPaste-fhbclgeefeexspdpswrqwmkywghh/Index.noindex/DataStore -Xcc -D_LIBCPP_HARDENING_MODE\=_LIBCPP_HARDENING_MODE_DEBUG -swift-version 5 -I /Users/justin/Library/Developer/Xcode/DerivedData/OpenPaste-fhbclgeefeexspdpswrqwmkywghh/Build/Products/Debug -F /Users/justin/Library/Developer/Xcode/DerivedData/OpenPaste-fhbclgeefeexspdpswrqwmkywghh/Build/Products/Debug/PackageFrameworks -F /Users/justin/Library/Developer/Xcode/DerivedData/OpenPaste-fhbclgeefeexspdpswrqwmkywghh/Build/Products/Debug -emit-localized-strings -emit-localized-strings-path /Users/justin/Library/Developer/Xcode/DerivedData/OpenPaste-fhbclgeefeexspdpswrqwmkywghh/Build/Intermediates.noindex/OpenPaste.build/Debug/OpenPaste.build/Objects-normal/arm64 -c -j10 -enable-batch-mode -incremental -Xcc -ivfsstatcache -Xcc /Users/justin/Library/Developer/Xcode/DerivedData/SDKStatCaches.noindex/macosx26.4-25E236-30f9ca8789b706f8bd3fc906a70d770f.sdkstatcache -output-file-map /Users/justin/Library/Developer/Xcode/DerivedData/OpenPaste-fhbclgeefeexspdpswrqwmkywghh/Build/Intermediates.noindex/OpenPaste.build/Debug/OpenPaste.build/Objects-normal/arm64/OpenPaste-OutputFileMap.json -use-frontend-parseable-output -save-temps -no-color-diagnostics -explicit-module-build -module-cache-path /Users/justin/Library/Developer/Xcode/DerivedData/OpenPaste-fhbclgeefeexspdpswrqwmkywghh/Build/Intermediates.noindex/SwiftExplicitPrecompiledModules -clang-scanner-module-cache-path /Users/justin/Library/Developer/Xcode/DerivedData/ModuleCache.noindex -sdk-module-cache-path /Users/justin/Library/Developer/Xcode/DerivedData/ModuleCache.noindex -serialize-diagnostics -emit-dependencies -emit-module -emit-module-path /Users/justin/Library/Developer/Xcode/DerivedData/OpenPaste-fhbclgeefeexspdpswrqwmkywghh/Build/Intermediates.noindex/OpenPaste.build/Debug/OpenPaste.build/Objects-normal/arm64/OpenPaste.swiftmodule -validate-clang-modules-once -clang-build-session-file /Users/justin/Library/Developer/Xcode/DerivedData/ModuleCache.noindex/Session.modulevalidation -Xcc -I/Users/justin/Library/Developer/Xcode/DerivedData/OpenPaste-fhbclgeefeexspdpswrqwmkywghh/Build/Intermediates.noindex/OpenPaste.build/Debug/OpenPaste.build/swift-overrides.hmap -emit-const-values -Xfrontend -const-gather-protocols-file -Xfrontend /Users/justin/Library/Developer/Xcode/DerivedData/OpenPaste-fhbclgeefeexspdpswrqwmkywghh/Build/Intermediates.noindex/OpenPaste.build/Debug/OpenPaste.build/Objects-normal/arm64/OpenPaste_const_extract_protocols.json -Xcc -iquote -Xcc /Users/justin/Library/Developer/Xcode/DerivedData/OpenPaste-fhbclgeefeexspdpswrqwmkywghh/Build/Intermediates.noindex/OpenPaste.build/Debug/OpenPaste.build/OpenPaste-generated-files.hmap -Xcc -I/Users/justin/Library/Developer/Xcode/DerivedData/OpenPaste-fhbclgeefeexspdpswrqwmkywghh/Build/Intermediates.noindex/OpenPaste.build/Debug/OpenPaste.build/OpenPaste-own-target-headers.hmap -Xcc -I/Users/justin/Library/Developer/Xcode/DerivedData/OpenPaste-fhbclgeefeexspdpswrqwmkywghh/Build/Intermediates.noindex/OpenPaste.build/Debug/OpenPaste.build/OpenPaste-all-non-framework-target-headers.hmap -Xcc -ivfsoverlay -Xcc /Users/justin/Library/Developer/Xcode/DerivedData/OpenPaste-fhbclgeefeexspdpswrqwmkywghh/Build/Intermediates.noindex/OpenPaste.build/Debug/OpenPaste-b7a2c88a61594a1237a907a30569fe3a-VFS/all-product-headers.yaml -Xcc -iquote -Xcc /Users/justin/Library/Developer/Xcode/DerivedData/OpenPaste-fhbclgeefeexspdpswrqwmkywghh/Build/Intermediates.noindex/OpenPaste.build/Debug/OpenPaste.build/OpenPaste-project-headers.hmap -Xcc -I/Users/justin/Library/Developer/Xcode/DerivedData/OpenPaste-fhbclgeefeexspdpswrqwmkywghh/Build/Products/Debug/include -Xcc -I/Users/justin/Library/Developer/Xcode/DerivedData/OpenPaste-fhbclgeefeexspdpswrqwmkywghh/Build/Intermediates.noindex/OpenPaste.build/Debug/OpenPaste.build/DerivedSources-normal/arm64 -Xcc -I/Users/justin/Library/Developer/Xcode/DerivedData/OpenPaste-fhbclgeefeexspdpswrqwmkywghh/Build/Intermediates.noindex/OpenPaste.build/Debug/OpenPaste.build/DerivedSources/arm64 -Xcc -I/Users/justin/Library/Developer/Xcode/DerivedData/OpenPaste-fhbclgeefeexspdpswrqwmkywghh/Build/Intermediates.noindex/OpenPaste.build/Debug/OpenPaste.build/DerivedSources -Xcc -DDEBUG\=1 -emit-objc-header -emit-objc-header-path /Users/justin/Library/Developer/Xcode/DerivedData/OpenPaste-fhbclgeefeexspdpswrqwmkywghh/Build/Intermediates.noindex/OpenPaste.build/Debug/OpenPaste.build/Objects-normal/arm64/OpenPaste-Swift.h -working-directory /Volumes/DATA/Developments/OpenPaste/OpenPaste -experimental-emit-module-separately -disable-cmo

ProcessInfoPlistFile /Users/justin/Library/Developer/Xcode/DerivedData/OpenPaste-fhbclgeefeexspdpswrqwmkywghh/Build/Products/Debug/OpenPaste.app/Contents/Info.plist /Users/justin/Library/Developer/Xcode/DerivedData/OpenPaste-fhbclgeefeexspdpswrqwmkywghh/Build/Intermediates.noindex/OpenPaste.build/Debug/OpenPaste.build/empty-OpenPaste.plist (in target 'OpenPaste' from project 'OpenPaste')
    cd /Volumes/DATA/Developments/OpenPaste/OpenPaste
    builtin-infoPlistUtility /Users/justin/Library/Developer/Xcode/DerivedData/OpenPaste-fhbclgeefeexspdpswrqwmkywghh/Build/Intermediates.noindex/OpenPaste.build/Debug/OpenPaste.build/empty-OpenPaste.plist -producttype com.apple.product-type.application -genpkginfo /Users/justin/Library/Developer/Xcode/DerivedData/OpenPaste-fhbclgeefeexspdpswrqwmkywghh/Build/Products/Debug/OpenPaste.app/Contents/PkgInfo -expandbuildsettings -platform macosx -additionalcontentfile /Users/justin/Library/Developer/Xcode/DerivedData/OpenPaste-fhbclgeefeexspdpswrqwmkywghh/Build/Intermediates.noindex/OpenPaste.build/Debug/OpenPaste.build/assetcatalog_generated_info.plist -scanforprivacyfile /Users/justin/Library/Developer/Xcode/DerivedData/OpenPaste-fhbclgeefeexspdpswrqwmkywghh/Build/Products/Debug/OpenPaste.app/Contents/Resources/GRDB_GRDB.bundle -o /Users/justin/Library/Developer/Xcode/DerivedData/OpenPaste-fhbclgeefeexspdpswrqwmkywghh/Build/Products/Debug/OpenPaste.app/Contents/Info.plist

SwiftExplicitDependencyGeneratePcm arm64 /Users/justin/Library/Developer/Xcode/DerivedData/ModuleCache.noindex/LinkPresentation-BMOTRK42QZ2YE85ECN9WH6HXP.pcm

SwiftCompile normal arm64 Compiling\ SyntaxHighlightedCode.swift /Volumes/DATA/Developments/OpenPaste/OpenPaste/OpenPaste/Views/Shared/SyntaxHighlightedCode.swift (in target 'OpenPaste' from project 'OpenPaste')

SwiftCompile normal arm64 /Volumes/DATA/Developments/OpenPaste/OpenPaste/OpenPaste/Views/Shared/SyntaxHighlightedCode.swift (in target 'OpenPaste' from project 'OpenPaste')
    cd /Volumes/DATA/Developments/OpenPaste/OpenPaste
    

SwiftEmitModule normal arm64 Emitting\ module\ for\ OpenPaste (in target 'OpenPaste' from project 'OpenPaste')
EmitSwiftModule normal arm64 (in target 'OpenPaste' from project 'OpenPaste')
    cd /Volumes/DATA/Developments/OpenPaste/OpenPaste
    

SwiftCompile normal arm64 Compiling\ Constants.swift /Volumes/DATA/Developments/OpenPaste/OpenPaste/OpenPaste/Utilities/Constants.swift (in target 'OpenPaste' from project 'OpenPaste')

SwiftCompile normal arm64 /Volumes/DATA/Developments/OpenPaste/OpenPaste/OpenPaste/Utilities/Constants.swift (in target 'OpenPaste' from project 'OpenPaste')
    cd /Volumes/DATA/Developments/OpenPaste/OpenPaste
    

SwiftCompile normal arm64 Compiling\ URLMetadataService.swift /Volumes/DATA/Developments/OpenPaste/OpenPaste/OpenPaste/Services/Processing/URLMetadataService.swift (in target 'OpenPaste' from project 'OpenPaste')

SwiftCompile normal arm64 /Volumes/DATA/Developments/OpenPaste/OpenPaste/OpenPaste/Services/Processing/URLMetadataService.swift (in target 'OpenPaste' from project 'OpenPaste')
    cd /Volumes/DATA/Developments/OpenPaste/OpenPaste
    

SwiftCompile normal arm64 Compiling\ ScreenSharingDetector.swift /Volumes/DATA/Developments/OpenPaste/OpenPaste/OpenPaste/Services/Security/ScreenSharingDetector.swift (in target 'OpenPaste' from project 'OpenPaste')

SwiftCompile normal arm64 /Volumes/DATA/Developments/OpenPaste/OpenPaste/OpenPaste/Services/Security/ScreenSharingDetector.swift (in target 'OpenPaste' from project 'OpenPaste')
    cd /Volumes/DATA/Developments/OpenPaste/OpenPaste
    

SwiftCompile normal arm64 Compiling\ PasteInterceptor.swift /Volumes/DATA/Developments/OpenPaste/OpenPaste/OpenPaste/Services/Clipboard/PasteInterceptor.swift (in target 'OpenPaste' from project 'OpenPaste')
Failed frontend command:
/Applications/Xcode.app/Contents/Developer/Toolchains/XcodeDefault.xctoolchain/usr/bin/swift-frontend -frontend -c /Volumes/DATA/Developments/OpenPaste/OpenPaste/OpenPaste/App/AppController.swift /Volumes/DATA/Developments/OpenPaste/OpenPaste/OpenPaste/App/AppDelegate.swift /Volumes/DATA/Developments/OpenPaste/OpenPaste/OpenPaste/App/DependencyContainer.swift /Volumes/DATA/Developments/OpenPaste/OpenPaste/OpenPaste/App/HotkeyManager.swift /Volumes/DATA/Developments/OpenPaste/OpenPaste/OpenPaste/App/OnboardingWindowManager.swift /Volumes/DATA/Developments/OpenPaste/OpenPaste/OpenPaste/App/WindowManager.swift /Volumes/DATA/Developments/OpenPaste/OpenPaste/OpenPaste/Models/AppEvent.swift /Volumes/DATA/Developments/OpenPaste/OpenPaste/OpenPaste/Models/AppInfo.swift /Volumes/DATA/Developments/OpenPaste/OpenPaste/OpenPaste/Models/ClipboardItem.swift /Volumes/DATA/Developments/OpenPaste/OpenPaste/OpenPaste/Models/Collection.swift /Volumes/DATA/Developments/OpenPaste/OpenPaste/OpenPaste/Models/ContentType.swift /Volumes/DATA/Developments/OpenPaste/OpenPaste/OpenPaste/Models/SearchFilters.swift /Volumes/DATA/Developments/OpenPaste/OpenPaste/OpenPaste/Services/Clipboard/ClipboardMonitor.swift /Volumes/DATA/Developments/OpenPaste/OpenPaste/OpenPaste/Services/Clipboard/ClipboardService.swift /Volumes/DATA/Developments/OpenPaste/OpenPaste/OpenPaste/Services/Clipboard/ContentNormalizer.swift -primary-file /Volumes/DATA/Developments/OpenPaste/OpenPaste/OpenPaste/Services/Clipboard/PasteInterceptor.swift /Volumes/DATA/Developments/OpenPaste/OpenPaste/OpenPaste/Services/Processing/ContentHasher.swift /Volumes/DATA/Developments/OpenPaste/OpenPaste/OpenPaste/Services/Processing/OCRService.swift /Volumes/DATA/Developments/OpenPaste/OpenPaste/OpenPaste/Services/Processing/SensitiveContentDetector.swift /Volumes/DATA/Developments/OpenPaste/OpenPaste/OpenPaste/Services/Processing/URLMetadataService.swift /Volumes/DATA/Developments/OpenPaste/OpenPaste/OpenPaste/Services/Protocols/ClipboardServiceProtocol.swift /Volumes/DATA/Developments/OpenPaste/OpenPaste/OpenPaste/Services/Protocols/OCRServiceProtocol.swift /Volumes/DATA/Developments/OpenPaste/OpenPaste/OpenPaste/Services/Protocols/SearchServiceProtocol.swift /Volumes/DATA/Developments/OpenPaste/OpenPaste/OpenPaste/Services/Protocols/SecurityServiceProtocol.swift /Volumes/DATA/Developments/OpenPaste/OpenPaste/OpenPaste/Services/Protocols/StorageServiceProtocol.swift /Volumes/DATA/Developments/OpenPaste/OpenPaste/OpenPaste/Services/Search/SearchEngine.swift /Volumes/DATA/Developments/OpenPaste/OpenPaste/OpenPaste/Services/Security/KeychainHelper.swift /Volumes/DATA/Developments/OpenPaste/OpenPaste/OpenPaste/Services/Security/ScreenSharingDetector.swift /Volumes/DATA/Developments/OpenPaste/OpenPaste/OpenPaste/Services/Security/SecurityService.swift /Volumes/DATA/Developments/OpenPaste/OpenPaste/OpenPaste/Services/Storage/ClipboardItemRecord.swift /Volumes/DATA/Developments/OpenPaste/OpenPaste/OpenPaste/Services/Storage/CollectionRecord.swift /Volumes/DATA/Developments/OpenPaste/OpenPaste/OpenPaste/Services/Storage/DatabaseManager.swift /Volumes/DATA/Developments/OpenPaste/OpenPaste/OpenPaste/Services/Storage/Migrations.swift /Volumes/DATA/Developments/OpenPaste/OpenPaste/OpenPaste/Services/Storage/StorageService.swift /Volumes/DATA/Developments/OpenPaste/OpenPaste/OpenPaste/Services/EventBus.swift /Volumes/DATA/Developments/OpenPaste/OpenPaste/OpenPaste/Utilities/Constants.swift /Volumes/DATA/Developments/OpenPaste/OpenPaste/OpenPaste/Utilities/Extensions.swift /Volumes/DATA/Developments/OpenPaste/OpenPaste/OpenPaste/Utilities/SecureBytes.swift /Volumes/DATA/Developments/OpenPaste/OpenPaste/OpenPaste/ViewModels/CollectionViewModel.swift /Volumes/DATA/Developments/OpenPaste/OpenPaste/OpenPaste/ViewModels/HistoryViewModel.swift /Volumes/DATA/Developments/OpenPaste/OpenPaste/OpenPaste/ViewModels/OnboardingViewModel.swift /Volumes/DATA/Developments/OpenPaste/OpenPaste/OpenPaste/ViewModels/PasteStackViewModel.swift /Volumes/DATA/Developments/OpenPaste/OpenPaste/OpenPaste/ViewModels/SearchViewModel.swift /Volumes/DATA/Developments/OpenPaste/OpenPaste/OpenPaste/ViewModels/SettingsViewModel.swift /Volumes/DATA/Developments/OpenPaste/OpenPaste/OpenPaste/Views/Collections/CollectionListView.swift /Volumes/DATA/Developments/OpenPaste/OpenPaste/OpenPaste/Views/History/ClipboardItemRow.swift /Volumes/DATA/Developments/OpenPaste/OpenPaste/OpenPaste/Views/History/HistoryView.swift /Volumes/DATA/Developments/OpenPaste/OpenPaste/OpenPaste/Views/History/QuickEditView.swift /Volumes/DATA/Developments/OpenPaste/OpenPaste/OpenPaste/Views/Onboarding/OnboardingPermissionStep.swift /Volumes/DATA/Developments/OpenPaste/OpenPaste/OpenPaste/Views/Onboarding/OnboardingPreferencesStep.swift /Volumes/DATA/Developments/OpenPaste/OpenPaste/OpenPaste/Views/Onboarding/OnboardingReadyStep.swift /Volumes/DATA/Developments/OpenPaste/OpenPaste/OpenPaste/Views/Onboarding/OnboardingShortcutStep.swift /Volumes/DATA/Developments/OpenPaste/OpenPaste/OpenPaste/Views/Onboarding/OnboardingView.swift /Volumes/DATA/Developments/OpenPaste/OpenPaste/OpenPaste/Views/Onboarding/OnboardingWelcomeStep.swift /Volumes/DATA/Developments/OpenPaste/OpenPaste/OpenPaste/Views/PasteStack/PasteStackOverlay.swift /Volumes/DATA/Developments/OpenPaste/OpenPaste/OpenPaste/Views/Search/SearchView.swift /Volumes/DATA/Developments/OpenPaste/OpenPaste/OpenPaste/Views/Settings/AboutView.swift /Volumes/DATA/Developments/OpenPaste/OpenPaste/OpenPaste/Views/Settings/BlacklistView.swift /Volumes/DATA/Developments/OpenPaste/OpenPaste/OpenPaste/Views/Settings/GeneralSettingsView.swift /Volumes/DATA/Developments/OpenPaste/OpenPaste/OpenPaste/Views/Settings/PrivacySettingsView.swift /Volumes/DATA/Developments/OpenPaste/OpenPaste/OpenPaste/Views/Settings/SettingsView.swift /Volumes/DATA/Developments/OpenPaste/OpenPaste/OpenPaste/Views/Shared/ContentPreviewView.swift /Volumes/DATA/Developments/OpenPaste/OpenPaste/OpenPaste/Views/Shared/HighlightedText.swift /Volumes/DATA/Developments/OpenPaste/OpenPaste/OpenPaste/Views/Shared/RelativeTimestamp.swift /Volumes/DATA/Developments/OpenPaste/OpenPaste/OpenPaste/Views/Shared/SyntaxHighlightedCode.swift /Volumes/DATA/Developments/OpenPaste/OpenPaste/OpenPaste/Views/Shared/TagFilterBar.swift /Volumes/DATA/Developments/OpenPaste/OpenPaste/OpenPaste/Views/Shared/TypeIcon.swift /Volumes/DATA/Developments/OpenPaste/OpenPaste/OpenPaste/ContentView.swift /Volumes/DATA/Developments/OpenPaste/OpenPaste/OpenPaste/OpenPasteApp.swift /Users/justin/Library/Developer/Xcode/DerivedData/OpenPaste-fhbclgeefeexspdpswrqwmkywghh/Build/Intermediates.noindex/OpenPaste.build/Debug/OpenPaste.build/DerivedSources/GeneratedAssetSymbols.swift -emit-dependencies-path /Users/justin/Library/Developer/Xcode/DerivedData/OpenPaste-fhbclgeefeexspdpswrqwmkywghh/Build/Intermediates.noindex/OpenPaste.build/Debug/OpenPaste.build/Objects-normal/arm64/PasteInterceptor.d -emit-const-values-path /Users/justin/Library/Developer/Xcode/DerivedData/OpenPaste-fhbclgeefeexspdpswrqwmkywghh/Build/Intermediates.noindex/OpenPaste.build/Debug/OpenPaste.build/Objects-normal/arm64/PasteInterceptor.swiftconstvalues -emit-reference-dependencies-path /Users/justin/Library/Developer/Xcode/DerivedData/OpenPaste-fhbclgeefeexspdpswrqwmkywghh/Build/Intermediates.noindex/OpenPaste.build/Debug/OpenPaste.build/Objects-normal/arm64/PasteInterceptor.swiftdeps -serialize-diagnostics-path /Users/justin/Library/Developer/Xcode/DerivedData/OpenPaste-fhbclgeefeexspdpswrqwmkywghh/Build/Intermediates.noindex/OpenPaste.build/Debug/OpenPaste.build/Objects-normal/arm64/PasteInterceptor.dia -emit-localized-strings -emit-localized-strings-path /Users/justin/Library/Developer/Xcode/DerivedData/OpenPaste-fhbclgeefeexspdpswrqwmkywghh/Build/Intermediates.noindex/OpenPaste.build/Debug/OpenPaste.build/Objects-normal/arm64 -target arm64-apple-macos26.3 -module-can-import-version AppKit 2685.50.119 2685.50.119 -module-can-import-version DeveloperToolsSupport 23.40.26 23.40.26 -module-can-import-version SwiftUI 7.4.27 7.4.27 -load-resolved-plugin /Applications/Xcode.app/Contents/Developer/Platforms/MacOSX.platform/Developer/usr/lib/swift/host/plugins/libFoundationMacros.dylib\#/Applications/Xcode.app/Contents/Developer/Platforms/MacOSX.platform/Developer/usr/bin/swift-plugin-server\#FoundationMacros -load-resolved-plugin /Applications/Xcode.app/Contents/Developer/Platforms/MacOSX.platform/Developer/usr/lib/swift/host/plugins/libObservationMacros.dylib\#/Applications/Xcode.app/Contents/Developer/Platforms/MacOSX.platform/Developer/usr/bin/swift-plugin-server\#ObservationMacros -load-resolved-plugin /Applications/Xcode.app/Contents/Developer/Platforms/MacOSX.platform/Developer/usr/lib/swift/host/plugins/libPreviewsMacros.dylib\#/Applications/Xcode.app/Contents/Developer/Platforms/MacOSX.platform/Developer/usr/bin/swift-plugin-server\#PreviewsMacros -load-resolved-plugin /Applications/Xcode.app/Contents/Developer/Platforms/MacOSX.platform/Developer/usr/lib/swift/host/plugins/libSwiftMacros.dylib\#/Applications/Xcode.app/Contents/Developer/Platforms/MacOSX.platform/Developer/usr/bin/swift-plugin-server\#SwiftMacros -load-resolved-plugin /Applications/Xcode.app/Contents/Developer/Platforms/MacOSX.platform/Developer/usr/lib/swift/host/plugins/libSwiftUIMacros.dylib\#/Applications/Xcode.app/Contents/Developer/Platforms/MacOSX.platform/Developer/usr/bin/swift-plugin-server\#SwiftUIMacros -disable-implicit-swift-modules -Xcc -fno-implicit-modules -Xcc -fno-implicit-module-maps -explicit-swift-module-map-file /Users/justin/Library/Developer/Xcode/DerivedData/OpenPaste-fhbclgeefeexspdpswrqwmkywghh/Build/Intermediates.noindex/OpenPaste.build/Debug/OpenPaste.build/Objects-normal/arm64/OpenPaste-dependencies-1.json -debug-module-path /Users/justin/Library/Developer/Xcode/DerivedData/OpenPaste-fhbclgeefeexspdpswrqwmkywghh/Build/Intermediates.noindex/OpenPaste.build/Debug/OpenPaste.build/Objects-normal/arm64/OpenPaste.swiftmodule -Xllvm -aarch64-use-tbi -enable-objc-interop -stack-check -sdk /Applications/Xcode.app/Contents/Developer/Platforms/MacOSX.platform/Developer/SDKs/MacOSX26.4.sdk -I /Users/justin/Library/Developer/Xcode/DerivedData/OpenPaste-fhbclgeefeexspdpswrqwmkywghh/Build/Products/Debug -F /Users/justin/Library/Developer/Xcode/DerivedData/OpenPaste-fhbclgeefeexspdpswrqwmkywghh/Build/Products/Debug/PackageFrameworks -F /Users/justin/Library/Developer/Xcode/DerivedData/OpenPaste-fhbclgeefeexspdpswrqwmkywghh/Build/Products/Debug -no-color-diagnostics -Xcc -fno-color-diagnostics -enable-testing -g -debug-info-format\=dwarf -dwarf-version\=5 -module-cache-path /Users/justin/Library/Developer/Xcode/DerivedData/OpenPaste-fhbclgeefeexspdpswrqwmkywghh/Build/Intermediates.noindex/SwiftExplicitPrecompiledModules -profile-generate -profile-coverage-mapping -swift-version 5 -Onone -D DEBUG -serialize-debugging-options -const-gather-protocols-file /Users/justin/Library/Developer/Xcode/DerivedData/OpenPaste-fhbclgeefeexspdpswrqwmkywghh/Build/Intermediates.noindex/OpenPaste.build/Debug/OpenPaste.build/Objects-normal/arm64/OpenPaste_const_extract_protocols.json -enable-upcoming-feature DisableOutwardActorInference -enable-upcoming-feature InferSendableFromCaptures -enable-upcoming-feature GlobalActorIsolatedTypesUsability -enable-upcoming-feature MemberImportVisibility -enable-upcoming-feature InferIsolatedConformances -enable-upcoming-feature NonisolatedNonsendingByDefault -enable-experimental-feature DebugDescriptionMacro -enable-bare-slash-regex -default-isolation\=MainActor -empty-abi-descriptor -validate-clang-modules-once -clang-build-session-file /Users/justin/Library/Developer/Xcode/DerivedData/ModuleCache.noindex/Session.modulevalidation -Xcc -working-directory -Xcc /Volumes/DATA/Developments/OpenPaste/OpenPaste -enable-anonymous-context-mangled-names -file-compilation-dir /Volumes/DATA/Developments/OpenPaste/OpenPaste -Xcc -fmodule-map-file\=/Users/justin/Library/Developer/Xcode/DerivedData/OpenPaste-fhbclgeefeexspdpswrqwmkywghh/SourcePackages/checkouts/GRDB.swift/Sources/GRDBSQLite/module.modulemap -Xcc -D_LIBCPP_HARDENING_MODE\=_LIBCPP_HARDENING_MODE_DEBUG -Xcc -ivfsstatcache -Xcc /Users/justin/Library/Developer/Xcode/DerivedData/SDKStatCaches.noindex/macosx26.4-25E236-30f9ca8789b706f8bd3fc906a70d770f.sdkstatcache -Xcc -I/Users/justin/Library/Developer/Xcode/DerivedData/OpenPaste-fhbclgeefeexspdpswrqwmkywghh/Build/Intermediates.noindex/OpenPaste.build/Debug/OpenPaste.build/swift-overrides.hmap -Xcc -iquote -Xcc /Users/justin/Library/Developer/Xcode/DerivedData/OpenPaste-fhbclgeefeexspdpswrqwmkywghh/Build/Intermediates.noindex/OpenPaste.build/Debug/OpenPaste.build/OpenPaste-generated-files.hmap -Xcc -I/Users/justin/Library/Developer/Xcode/DerivedData/OpenPaste-fhbclgeefeexspdpswrqwmkywghh/Build/Intermediates.noindex/OpenPaste.build/Debug/OpenPaste.build/OpenPaste-own-target-headers.hmap -Xcc -I/Users/justin/Library/Developer/Xcode/DerivedData/OpenPaste-fhbclgeefeexspdpswrqwmkywghh/Build/Intermediates.noindex/OpenPaste.build/Debug/OpenPaste.build/OpenPaste-all-non-framework-target-headers.hmap -Xcc -ivfsoverlay -Xcc /Users/justin/Library/Developer/Xcode/DerivedData/OpenPaste-fhbclgeefeexspdpswrqwmkywghh/Build/Intermediates.noindex/OpenPaste.build/Debug/OpenPaste-b7a2c88a61594a1237a907a30569fe3a-VFS/all-product-headers.yaml -Xcc -iquote -Xcc /Users/justin/Library/Developer/Xcode/DerivedData/OpenPaste-fhbclgeefeexspdpswrqwmkywghh/Build/Intermediates.noindex/OpenPaste.build/Debug/OpenPaste.build/OpenPaste-project-headers.hmap -Xcc -I/Users/justin/Library/Developer/Xcode/DerivedData/OpenPaste-fhbclgeefeexspdpswrqwmkywghh/Build/Products/Debug/include -Xcc -I/Users/justin/Library/Developer/Xcode/DerivedData/OpenPaste-fhbclgeefeexspdpswrqwmkywghh/Build/Intermediates.noindex/OpenPaste.build/Debug/OpenPaste.build/DerivedSources-normal/arm64 -Xcc -I/Users/justin/Library/Developer/Xcode/DerivedData/OpenPaste-fhbclgeefeexspdpswrqwmkywghh/Build/Intermediates.noindex/OpenPaste.build/Debug/OpenPaste.build/DerivedSources/arm64 -Xcc -I/Users/justin/Library/Developer/Xcode/DerivedData/OpenPaste-fhbclgeefeexspdpswrqwmkywghh/Build/Intermediates.noindex/OpenPaste.build/Debug/OpenPaste.build/DerivedSources -Xcc -DDEBUG\=1 -no-auto-bridging-header-chaining -module-name OpenPaste -frontend-parseable-output -disable-clang-spi -clang-target arm64-apple-macos26.4 -target-sdk-version 26.4 -target-sdk-name macosx26.4 -in-process-plugin-server-path /Applications/Xcode.app/Contents/Developer/Toolchains/XcodeDefault.xctoolchain/usr/lib/swift/host/libSwiftInProcPluginServer.dylib -o /Users/justin/Library/Developer/Xcode/DerivedData/OpenPaste-fhbclgeefeexspdpswrqwmkywghh/Build/Intermediates.noindex/OpenPaste.build/Debug/OpenPaste.build/Objects-normal/arm64/PasteInterceptor.o -index-unit-output-path /OpenPaste.build/Debug/OpenPaste.build/Objects-normal/arm64/PasteInterceptor.o -index-store-path /Users/justin/Library/Developer/Xcode/DerivedData/OpenPaste-fhbclgeefeexspdpswrqwmkywghh/Index.noindex/DataStore -index-system-modules

SwiftCompile normal arm64 /Volumes/DATA/Developments/OpenPaste/OpenPaste/OpenPaste/Services/Clipboard/PasteInterceptor.swift (in target 'OpenPaste' from project 'OpenPaste')
    cd /Volumes/DATA/Developments/OpenPaste/OpenPaste
    
/Volumes/DATA/Developments/OpenPaste/OpenPaste/OpenPaste/Services/Clipboard/PasteInterceptor.swift:22:15: error: cannot find 'AXIsProcessTrusted' in scope
        guard AXIsProcessTrusted() else {
              ^~~~~~~~~~~~~~~~~~

SwiftCompile normal arm64 Compiling\ SecureBytes.swift /Volumes/DATA/Developments/OpenPaste/OpenPaste/OpenPaste/Utilities/SecureBytes.swift (in target 'OpenPaste' from project 'OpenPaste')

SwiftCompile normal arm64 /Volumes/DATA/Developments/OpenPaste/OpenPaste/OpenPaste/Utilities/SecureBytes.swift (in target 'OpenPaste' from project 'OpenPaste')
    cd /Volumes/DATA/Developments/OpenPaste/OpenPaste
    

SwiftCompile normal arm64 Compiling\ TagFilterBar.swift /Volumes/DATA/Developments/OpenPaste/OpenPaste/OpenPaste/Views/Shared/TagFilterBar.swift (in target 'OpenPaste' from project 'OpenPaste')

SwiftCompile normal arm64 /Volumes/DATA/Developments/OpenPaste/OpenPaste/OpenPaste/Views/Shared/TagFilterBar.swift (in target 'OpenPaste' from project 'OpenPaste')
    cd /Volumes/DATA/Developments/OpenPaste/OpenPaste
    

SwiftCompile normal arm64 Compiling\ DatabaseManager.swift /Volumes/DATA/Developments/OpenPaste/OpenPaste/OpenPaste/Services/Storage/DatabaseManager.swift (in target 'OpenPaste' from project 'OpenPaste')
SwiftCompile normal arm64 /Volumes/DATA/Developments/OpenPaste/OpenPaste/OpenPaste/Services/Storage/DatabaseManager.swift (in target 'OpenPaste' from project 'OpenPaste')
    cd /Volumes/DATA/Developments/OpenPaste/OpenPaste
    

SwiftCompile normal arm64 Compiling\ KeychainHelper.swift /Volumes/DATA/Developments/OpenPaste/OpenPaste/OpenPaste/Services/Security/KeychainHelper.swift (in target 'OpenPaste' from project 'OpenPaste')

SwiftCompile normal arm64 /Volumes/DATA/Developments/OpenPaste/OpenPaste/OpenPaste/Services/Security/KeychainHelper.swift (in target 'OpenPaste' from project 'OpenPaste')
    cd /Volumes/DATA/Developments/OpenPaste/OpenPaste
    

SwiftDriverJobDiscovery normal arm64 Compiling Constants.swift (in target 'OpenPaste' from project 'OpenPaste')

SwiftCompile normal arm64 Compiling\ SettingsViewModel.swift /Volumes/DATA/Developments/OpenPaste/OpenPaste/OpenPaste/ViewModels/SettingsViewModel.swift (in target 'OpenPaste' from project 'OpenPaste')

SwiftCompile normal arm64 Compiling\ OpenPasteApp.swift /Volumes/DATA/Developments/OpenPaste/OpenPaste/OpenPaste/OpenPasteApp.swift (in target 'OpenPaste' from project 'OpenPaste')


Test session results, code coverage, and logs:
	/Users/justin/Library/Developer/Xcode/DerivedData/OpenPaste-fhbclgeefeexspdpswrqwmkywghh/Logs/Test/Test-OpenPaste-2026.04.01_18-39-20-+0700.xcresult

Testing failed:
	Cannot find 'AXIsProcessTrusted' in scope
	Testing cancelled because the build failed.

** TEST FAILED **


The following build commands failed:
	SwiftCompile normal arm64 Compiling\ PasteInterceptor.swift /Volumes/DATA/Developments/OpenPaste/OpenPaste/OpenPaste/Services/Clipboard/PasteInterceptor.swift (in target 'OpenPaste' from project 'OpenPaste')
	SwiftCompile normal arm64 /Volumes/DATA/Developments/OpenPaste/OpenPaste/OpenPaste/Services/Clipboard/PasteInterceptor.swift (in target 'OpenPaste' from project 'OpenPaste')
	Testing project OpenPaste with scheme OpenPaste
(3 failures)
